// Jest Snapshot v1, https://goo.gl/fbAQLP

exports[`student component should render component as described in snapshot 1`] = `
<app-student
  apollo={[Function Object]}
  dataSource={[Function MatTableDataSource]}
  dialog={[Function Object]}
  displayedColumns={[Function Array]}
  mayAddStudent="false"
  mayDeleteStudent="false"
  sort={[Function MatSort]}
  studentService={[Function Object]}
  table="undefined"
>
  <div
    class="main-content msw-student-container"
    data-test-id="students-page"
  >
    <div
      class="container-fluid"
    >
      <div
        class="header-menu-container msw-table-tools-header"
      >
        <div
          class="header-table-count"
        >
          <div>
            <span
              class="header-table-count-label"
            >
              תלמידים
            </span>
            <span
              class="header-table-count-number"
            >
              (
            </span>
          </div>
        </div>
        <div
          class="example-header msw-table-tools-header"
        >
          
        </div>
      </div>
      <div
        class="row"
      >
        <div
          class="col-lg-12 col-md-12 col-sm-12"
        >
          <mat-table
            class="msw-table"
            matsort=""
            matsortdisableclear=""
          >
            
            
            
            
            
            
            
            
            
            
            --&gt; 
            
            
            
            
          </mat-table>
        </div>
      </div>
    </div>
  </div>
</app-student>
`;
