// Jest Snapshot v1, https://goo.gl/fbAQLP

exports[`non active time component should render component as described in snapshot 1`] = `
ZoneAwarePromise {
  "__zone_symbol__state": null,
  "__zone_symbol__value": Array [],
}
`;
