// Jest Snapshot v1, https://goo.gl/fbAQLP

exports[`lesson component should render component as described in snapshot 1`] = `
<app-lesson
  dataSource={[Function MatTableDataSource]}
  displayedColumns={[Function Array]}
  lessonService={[Function Object]}
  sort={[Function MatSort]}
>
  <div
    class="main-content"
  >
    <div
      class="container-fluid"
    >
      <div
        class="header-menu-container msw-table-tools-header"
      >
        <div>
           שיעורים (
        </div>
        <div
          class="example-header"
        >
          <button
            color="primary"
            mat-raised-button=""
          >
            הוסף שיעור חדש
          </button>
        </div>
      </div>
      <div
        class="row"
      >
        <div
          class="col-lg-12 col-md-12 col-sm-12"
        >
          <mat-table
            class="msw-table"
            matsort=""
            matsortactive="title"
            matsortdirection="asc"
            matsortdisableclear=""
          >
            
            
            
            
            
            
            
            --&gt; 
            
            
            
            
          </mat-table>
        </div>
      </div>
    </div>
  </div>
</app-lesson>
`;
